// Jest Snapshot v1, https://goo.gl/fbAQLP

exports[`ScrollTo expect to render 1`] = `
<div
  className="ais-ScrollTo"
>
  content
</div>
`;
