// Jest Snapshot v1, https://goo.gl/fbAQLP

exports[`SortBy expect to render with custom className 1`] = `
<div
  className="ais-SortBy MyCustomSortBy"
>
  <Select
    cx={[Function]}
    items={
      Array [
        Object {
          "label": "index name 1",
          "value": "index1",
        },
        Object {
          "label": "index name 2",
          "value": "index2",
        },
        Object {
          "label": "index name 3",
          "value": "index3",
        },
        Object {
          "label": "index name 4",
          "value": "index4",
        },
      ]
    }
    onSelect={[Function]}
    selectedItem="index1"
  />
</div>
`;
